[debug] [2026-02-10T13:42:25.770Z] ----------------------------------------------------------------------
[debug] [2026-02-10T13:42:25.776Z] Command:       /usr/local/bin/node /opt/homebrew/bin/firebase init hosting
[debug] [2026-02-10T13:42:25.776Z] CLI Version:   15.5.1
[debug] [2026-02-10T13:42:25.776Z] Platform:      darwin
[debug] [2026-02-10T13:42:25.776Z] Node Version:  v22.14.0
[debug] [2026-02-10T13:42:25.777Z] Time:          Tue Feb 10 2026 15:42:25 GMT+0200 (Eastern European Standard Time)
[debug] [2026-02-10T13:42:25.777Z] ----------------------------------------------------------------------
[debug] 
[info] 
     ######## #### ########  ######## ########     ###     ######  ########
     ##        ##  ##     ## ##       ##     ##  ##   ##  ##       ##
     ######    ##  ########  ######   ########  #########  ######  ######
     ##        ##  ##    ##  ##       ##     ## ##     ##       ## ##
     ##       #### ##     ## ######## ########  ##     ##  ######  ########

You're about to initialize a Firebase project in this directory:

  /Users/alexm/Kodning/device_agnostic_design/project_1

[info] 
=== Project Setup
[info] 
[info] First, let's associate this project directory with a Firebase project.
[info] You can create multiple project aliases by running firebase use --add, 
[info] 
[info] 
=== Hosting Setup
[debug] [2026-02-10T13:43:30.805Z] TypeError: Cannot read properties of undefined (reading 'replaceAll')
    at Object.init (/opt/homebrew/lib/node_modules/firebase-tools/lib/frameworks/flutter/index.js:32:27)
    at Object.actuate (/opt/homebrew/lib/node_modules/firebase-tools/lib/init/features/hosting/index.js:138:72)
    at init (/opt/homebrew/lib/node_modules/firebase-tools/lib/init/index.js:89:25)
    at async Command.initAction [as actionFn] (/opt/homebrew/lib/node_modules/firebase-tools/lib/commands/init.js:226:5)
[error] 
[error] Error: An unexpected error has occurred.
